Archive member included because of file (symbol)

c:/winavr-20100110/bin/../lib/gcc/avr/4.3.3/avr5\libgcc.a(_mulsi3.o)
                              debug.o (__mulsi3)
c:/winavr-20100110/bin/../lib/gcc/avr/4.3.3/avr5\libgcc.a(_udivmodsi4.o)
                              debug.o (__udivmodsi4)
c:/winavr-20100110/bin/../lib/gcc/avr/4.3.3/avr5\libgcc.a(_exit.o)
                              c:/winavr-20100110/bin/../lib/gcc/avr/4.3.3/../../../../avr/lib/avr5/crtm32u4.o (exit)
c:/winavr-20100110/bin/../lib/gcc/avr/4.3.3/avr5\libgcc.a(_copy_data.o)
                              BootloaderCDC.o (__do_copy_data)
c:/winavr-20100110/bin/../lib/gcc/avr/4.3.3/avr5\libgcc.a(_clear_bss.o)
                              BootloaderCDC.o (__do_clear_bss)
c:/winavr-20100110/bin/../lib/gcc/avr/4.3.3/../../../../avr/lib/avr5\libc.a(eerd_byte_atmega32u4.o)
                              BootloaderCDC.o (__eerd_byte_m32u4)
c:/winavr-20100110/bin/../lib/gcc/avr/4.3.3/../../../../avr/lib/avr5\libc.a(eeupd_byte_atmega32u4.o)
                              ../../LUFA/Drivers/USB/HighLevel/EndpointStream.o (__eeupd_byte_m32u4)
c:/winavr-20100110/bin/../lib/gcc/avr/4.3.3/../../../../avr/lib/avr5\libc.a(eewr_byte_atmega32u4.o)
                              BootloaderCDC.o (__eewr_byte_m32u4)

Allocating common symbols
Common symbol       size              file

USB_IsInitialized   0x1               ../../LUFA/Drivers/USB/HighLevel/USBTask.o
CurrAddress         0x4               BootloaderCDC.o
USB_ControlRequest  0x8               ../../LUFA/Drivers/USB/HighLevel/USBTask.o
USB_ConfigurationNumber
                    0x1               ../../LUFA/Drivers/USB/HighLevel/DeviceStandardReq.o

Discarded input sections

 .data          0x00000000        0x0 c:/winavr-20100110/bin/../lib/gcc/avr/4.3.3/../../../../avr/lib/avr5/crtm32u4.o
 .bss           0x00000000        0x0 c:/winavr-20100110/bin/../lib/gcc/avr/4.3.3/../../../../avr/lib/avr5/crtm32u4.o
 .text          0x00000000        0x0 BootloaderCDC.o
 .text          0x00000000        0x0 Descriptors.o
 .bss           0x00000000        0x0 Descriptors.o
 .text          0x00000000        0x0 debug.o
 .data          0x00000000        0x0 debug.o
 .bss           0x00000000        0x0 debug.o
 .text.DBGInit  0x00000000        0x0 debug.o
 .text.DBGPrintChar
                0x00000000        0x0 debug.o
 .text.DBGPrintString
                0x00000000        0x0 debug.o
 .text          0x00000000        0x0 ../../LUFA/Drivers/USB/LowLevel/Device.o
 .data          0x00000000        0x0 ../../LUFA/Drivers/USB/LowLevel/Device.o
 .bss           0x00000000        0x0 ../../LUFA/Drivers/USB/LowLevel/Device.o
 .text.USB_Device_SendRemoteWakeup
                0x00000000        0x0 ../../LUFA/Drivers/USB/LowLevel/Device.o
 .text          0x00000000        0x0 ../../LUFA/Drivers/USB/LowLevel/Endpoint.o
 .data          0x00000000        0x0 ../../LUFA/Drivers/USB/LowLevel/Endpoint.o
 .bss           0x00000000        0x0 ../../LUFA/Drivers/USB/LowLevel/Endpoint.o
 .text.Endpoint_ClearEndpoints
                0x00000000        0x0 ../../LUFA/Drivers/USB/LowLevel/Endpoint.o
 .text.Endpoint_WaitUntilReady
                0x00000000        0x0 ../../LUFA/Drivers/USB/LowLevel/Endpoint.o
 .text          0x00000000        0x0 ../../LUFA/Drivers/USB/LowLevel/Host.o
 .data          0x00000000        0x0 ../../LUFA/Drivers/USB/LowLevel/Host.o
 .bss           0x00000000        0x0 ../../LUFA/Drivers/USB/LowLevel/Host.o
 .text          0x00000000        0x0 ../../LUFA/Drivers/USB/LowLevel/Pipe.o
 .data          0x00000000        0x0 ../../LUFA/Drivers/USB/LowLevel/Pipe.o
 .bss           0x00000000        0x0 ../../LUFA/Drivers/USB/LowLevel/Pipe.o
 .text          0x00000000        0x0 ../../LUFA/Drivers/USB/LowLevel/USBController.o
 .data          0x00000000        0x0 ../../LUFA/Drivers/USB/LowLevel/USBController.o
 .bss           0x00000000        0x0 ../../LUFA/Drivers/USB/LowLevel/USBController.o
 .text.USB_ShutDown
                0x00000000        0x0 ../../LUFA/Drivers/USB/LowLevel/USBController.o
 .text          0x00000000        0x0 ../../LUFA/Drivers/USB/LowLevel/USBInterrupt.o
 .data          0x00000000        0x0 ../../LUFA/Drivers/USB/LowLevel/USBInterrupt.o
 .bss           0x00000000        0x0 ../../LUFA/Drivers/USB/LowLevel/USBInterrupt.o
 .text          0x00000000        0x0 ../../LUFA/Drivers/USB/HighLevel/ConfigDescriptor.o
 .data          0x00000000        0x0 ../../LUFA/Drivers/USB/HighLevel/ConfigDescriptor.o
 .bss           0x00000000        0x0 ../../LUFA/Drivers/USB/HighLevel/ConfigDescriptor.o
 .text.USB_GetNextDescriptorOfType
                0x00000000        0x0 ../../LUFA/Drivers/USB/HighLevel/ConfigDescriptor.o
 .text.USB_GetNextDescriptorOfTypeBefore
                0x00000000        0x0 ../../LUFA/Drivers/USB/HighLevel/ConfigDescriptor.o
 .text.USB_GetNextDescriptorOfTypeAfter
                0x00000000        0x0 ../../LUFA/Drivers/USB/HighLevel/ConfigDescriptor.o
 .text.USB_GetNextDescriptorComp
                0x00000000        0x0 ../../LUFA/Drivers/USB/HighLevel/ConfigDescriptor.o
 .text          0x00000000        0x0 ../../LUFA/Drivers/USB/HighLevel/DeviceStandardReq.o
 .data          0x00000000        0x0 ../../LUFA/Drivers/USB/HighLevel/DeviceStandardReq.o
 .bss           0x00000000        0x0 ../../LUFA/Drivers/USB/HighLevel/DeviceStandardReq.o
 .text          0x00000000        0x0 ../../LUFA/Drivers/USB/HighLevel/Events.o
 .data          0x00000000        0x0 ../../LUFA/Drivers/USB/HighLevel/Events.o
 .bss           0x00000000        0x0 ../../LUFA/Drivers/USB/HighLevel/Events.o
 .text          0x00000000        0x0 ../../LUFA/Drivers/USB/HighLevel/EndpointStream.o
 .data          0x00000000        0x0 ../../LUFA/Drivers/USB/HighLevel/EndpointStream.o
 .bss           0x00000000        0x0 ../../LUFA/Drivers/USB/HighLevel/EndpointStream.o
 .text.Endpoint_Write_Control_PStream_LE
                0x00000000        0x0 ../../LUFA/Drivers/USB/HighLevel/EndpointStream.o
 .text.Endpoint_Write_Control_Stream_BE
                0x00000000        0x0 ../../LUFA/Drivers/USB/HighLevel/EndpointStream.o
 .text.Endpoint_Write_Control_PStream_BE
                0x00000000        0x0 ../../LUFA/Drivers/USB/HighLevel/EndpointStream.o
 .text.Endpoint_Read_Control_Stream_BE
                0x00000000        0x0 ../../LUFA/Drivers/USB/HighLevel/EndpointStream.o
 .text.Endpoint_Read_Control_EStream_BE
                0x00000000        0x0 ../../LUFA/Drivers/USB/HighLevel/EndpointStream.o
 .text.Endpoint_Read_Control_EStream_LE
                0x00000000        0x0 ../../LUFA/Drivers/USB/HighLevel/EndpointStream.o
 .text.Endpoint_Write_Control_EStream_BE
                0x00000000        0x0 ../../LUFA/Drivers/USB/HighLevel/EndpointStream.o
 .text.Endpoint_Write_Control_EStream_LE
                0x00000000        0x0 ../../LUFA/Drivers/USB/HighLevel/EndpointStream.o
 .text.Endpoint_Read_EStream_BE
                0x00000000        0x0 ../../LUFA/Drivers/USB/HighLevel/EndpointStream.o
 .text.Endpoint_Read_Stream_BE
                0x00000000        0x0 ../../LUFA/Drivers/USB/HighLevel/EndpointStream.o
 .text.Endpoint_Read_EStream_LE
                0x00000000        0x0 ../../LUFA/Drivers/USB/HighLevel/EndpointStream.o
 .text.Endpoint_Read_Stream_LE
                0x00000000        0x0 ../../LUFA/Drivers/USB/HighLevel/EndpointStream.o
 .text.Endpoint_Write_PStream_BE
                0x00000000        0x0 ../../LUFA/Drivers/USB/HighLevel/EndpointStream.o
 .text.Endpoint_Write_EStream_BE
                0x00000000        0x0 ../../LUFA/Drivers/USB/HighLevel/EndpointStream.o
 .text.Endpoint_Write_Stream_BE
                0x00000000        0x0 ../../LUFA/Drivers/USB/HighLevel/EndpointStream.o
 .text.Endpoint_Write_EStream_LE
                0x00000000        0x0 ../../LUFA/Drivers/USB/HighLevel/EndpointStream.o
 .text.Endpoint_Write_PStream_LE
                0x00000000        0x0 ../../LUFA/Drivers/USB/HighLevel/EndpointStream.o
 .text.Endpoint_Write_Stream_LE
                0x00000000        0x0 ../../LUFA/Drivers/USB/HighLevel/EndpointStream.o
 .text.Endpoint_Discard_Stream
                0x00000000        0x0 ../../LUFA/Drivers/USB/HighLevel/EndpointStream.o
 .text          0x00000000        0x0 ../../LUFA/Drivers/USB/HighLevel/HostStandardReq.o
 .data          0x00000000        0x0 ../../LUFA/Drivers/USB/HighLevel/HostStandardReq.o
 .bss           0x00000000        0x0 ../../LUFA/Drivers/USB/HighLevel/HostStandardReq.o
 .text          0x00000000        0x0 ../../LUFA/Drivers/USB/HighLevel/PipeStream.o
 .data          0x00000000        0x0 ../../LUFA/Drivers/USB/HighLevel/PipeStream.o
 .bss           0x00000000        0x0 ../../LUFA/Drivers/USB/HighLevel/PipeStream.o
 .text          0x00000000        0x0 ../../LUFA/Drivers/USB/HighLevel/USBTask.o
 .data          0x00000000        0x0 ../../LUFA/Drivers/USB/HighLevel/USBTask.o
 .bss           0x00000000        0x0 ../../LUFA/Drivers/USB/HighLevel/USBTask.o
 .text          0x00000000        0x0 ../../LUFA/Drivers/USB/Class/Host/HIDParser.o
 .data          0x00000000        0x0 ../../LUFA/Drivers/USB/Class/Host/HIDParser.o
 .bss           0x00000000        0x0 ../../LUFA/Drivers/USB/Class/Host/HIDParser.o
 .text          0x00000000        0x0 c:/winavr-20100110/bin/../lib/gcc/avr/4.3.3/avr5\libgcc.a(_mulsi3.o)
 .data          0x00000000        0x0 c:/winavr-20100110/bin/../lib/gcc/avr/4.3.3/avr5\libgcc.a(_mulsi3.o)
 .bss           0x00000000        0x0 c:/winavr-20100110/bin/../lib/gcc/avr/4.3.3/avr5\libgcc.a(_mulsi3.o)
 .text.libgcc   0x00000000        0x0 c:/winavr-20100110/bin/../lib/gcc/avr/4.3.3/avr5\libgcc.a(_mulsi3.o)
 .text          0x00000000        0x0 c:/winavr-20100110/bin/../lib/gcc/avr/4.3.3/avr5\libgcc.a(_udivmodsi4.o)
 .data          0x00000000        0x0 c:/winavr-20100110/bin/../lib/gcc/avr/4.3.3/avr5\libgcc.a(_udivmodsi4.o)
 .bss           0x00000000        0x0 c:/winavr-20100110/bin/../lib/gcc/avr/4.3.3/avr5\libgcc.a(_udivmodsi4.o)
 .text.libgcc   0x00000000        0x0 c:/winavr-20100110/bin/../lib/gcc/avr/4.3.3/avr5\libgcc.a(_udivmodsi4.o)
 .text          0x00000000        0x0 c:/winavr-20100110/bin/../lib/gcc/avr/4.3.3/avr5\libgcc.a(_exit.o)
 .data          0x00000000        0x0 c:/winavr-20100110/bin/../lib/gcc/avr/4.3.3/avr5\libgcc.a(_exit.o)
 .bss           0x00000000        0x0 c:/winavr-20100110/bin/../lib/gcc/avr/4.3.3/avr5\libgcc.a(_exit.o)
 .text.libgcc   0x00000000        0x0 c:/winavr-20100110/bin/../lib/gcc/avr/4.3.3/avr5\libgcc.a(_exit.o)
 .text          0x00000000        0x0 c:/winavr-20100110/bin/../lib/gcc/avr/4.3.3/avr5\libgcc.a(_copy_data.o)
 .data          0x00000000        0x0 c:/winavr-20100110/bin/../lib/gcc/avr/4.3.3/avr5\libgcc.a(_copy_data.o)
 .bss           0x00000000        0x0 c:/winavr-20100110/bin/../lib/gcc/avr/4.3.3/avr5\libgcc.a(_copy_data.o)
 .text.libgcc   0x00000000        0x0 c:/winavr-20100110/bin/../lib/gcc/avr/4.3.3/avr5\libgcc.a(_copy_data.o)
 .text          0x00000000        0x0 c:/winavr-20100110/bin/../lib/gcc/avr/4.3.3/avr5\libgcc.a(_clear_bss.o)
 .data          0x00000000        0x0 c:/winavr-20100110/bin/../lib/gcc/avr/4.3.3/avr5\libgcc.a(_clear_bss.o)
 .bss           0x00000000        0x0 c:/winavr-20100110/bin/../lib/gcc/avr/4.3.3/avr5\libgcc.a(_clear_bss.o)
 .text.libgcc   0x00000000        0x0 c:/winavr-20100110/bin/../lib/gcc/avr/4.3.3/avr5\libgcc.a(_clear_bss.o)
 .text          0x00000000        0x0 c:/winavr-20100110/bin/../lib/gcc/avr/4.3.3/../../../../avr/lib/avr5\libc.a(eerd_byte_atmega32u4.o)
 .data          0x00000000        0x0 c:/winavr-20100110/bin/../lib/gcc/avr/4.3.3/../../../../avr/lib/avr5\libc.a(eerd_byte_atmega32u4.o)
 .bss           0x00000000        0x0 c:/winavr-20100110/bin/../lib/gcc/avr/4.3.3/../../../../avr/lib/avr5\libc.a(eerd_byte_atmega32u4.o)
 .text          0x00000000        0x0 c:/winavr-20100110/bin/../lib/gcc/avr/4.3.3/../../../../avr/lib/avr5\libc.a(eeupd_byte_atmega32u4.o)
 .data          0x00000000        0x0 c:/winavr-20100110/bin/../lib/gcc/avr/4.3.3/../../../../avr/lib/avr5\libc.a(eeupd_byte_atmega32u4.o)
 .bss           0x00000000        0x0 c:/winavr-20100110/bin/../lib/gcc/avr/4.3.3/../../../../avr/lib/avr5\libc.a(eeupd_byte_atmega32u4.o)
 .text.avr-libc
                0x00000000        0x0 c:/winavr-20100110/bin/../lib/gcc/avr/4.3.3/../../../../avr/lib/avr5\libc.a(eeupd_byte_atmega32u4.o)
 .text          0x00000000        0x0 c:/winavr-20100110/bin/../lib/gcc/avr/4.3.3/../../../../avr/lib/avr5\libc.a(eewr_byte_atmega32u4.o)
 .data          0x00000000        0x0 c:/winavr-20100110/bin/../lib/gcc/avr/4.3.3/../../../../avr/lib/avr5\libc.a(eewr_byte_atmega32u4.o)
 .bss           0x00000000        0x0 c:/winavr-20100110/bin/../lib/gcc/avr/4.3.3/../../../../avr/lib/avr5\libc.a(eewr_byte_atmega32u4.o)

Memory Configuration

Name             Origin             Length             Attributes
text             0x00000000         0x00020000         xr
data             0x00800060         0x0000ffa0         rw !x
eeprom           0x00810000         0x00010000         rw !x
fuse             0x00820000         0x00000400         rw !x
lock             0x00830000         0x00000400         rw !x
signature        0x00840000         0x00000400         rw !x
*default*        0x00000000         0xffffffff

Linker script and memory map

Address of section .data set to 0x800100
LOAD c:/winavr-20100110/bin/../lib/gcc/avr/4.3.3/../../../../avr/lib/avr5/crtm32u4.o
LOAD BootloaderCDC.o
LOAD Descriptors.o
LOAD debug.o
LOAD ../../LUFA/Drivers/USB/LowLevel/Device.o
LOAD ../../LUFA/Drivers/USB/LowLevel/Endpoint.o
LOAD ../../LUFA/Drivers/USB/LowLevel/Host.o
LOAD ../../LUFA/Drivers/USB/LowLevel/Pipe.o
LOAD ../../LUFA/Drivers/USB/LowLevel/USBController.o
LOAD ../../LUFA/Drivers/USB/LowLevel/USBInterrupt.o
LOAD ../../LUFA/Drivers/USB/HighLevel/ConfigDescriptor.o
LOAD ../../LUFA/Drivers/USB/HighLevel/DeviceStandardReq.o
LOAD ../../LUFA/Drivers/USB/HighLevel/Events.o
LOAD ../../LUFA/Drivers/USB/HighLevel/EndpointStream.o
LOAD ../../LUFA/Drivers/USB/HighLevel/HostStandardReq.o
LOAD ../../LUFA/Drivers/USB/HighLevel/PipeStream.o
LOAD ../../LUFA/Drivers/USB/HighLevel/USBTask.o
LOAD ../../LUFA/Drivers/USB/Class/Host/HIDParser.o
Address of section .text set to 0x7000
LOAD c:/winavr-20100110/bin/../lib/gcc/avr/4.3.3/../../../../avr/lib/avr5\libm.a
LOAD c:/winavr-20100110/bin/../lib/gcc/avr/4.3.3/avr5\libgcc.a
LOAD c:/winavr-20100110/bin/../lib/gcc/avr/4.3.3/../../../../avr/lib/avr5\libc.a
LOAD c:/winavr-20100110/bin/../lib/gcc/avr/4.3.3/avr5\libgcc.a

.hash
 *(.hash)

.dynsym
 *(.dynsym)

.dynstr
 *(.dynstr)

.gnu.version
 *(.gnu.version)

.gnu.version_d
 *(.gnu.version_d)

.gnu.version_r
 *(.gnu.version_r)

.rel.init
 *(.rel.init)

.rela.init
 *(.rela.init)

.rel.text
 *(.rel.text)
 *(.rel.text.*)
 *(.rel.gnu.linkonce.t*)

.rela.text
 *(.rela.text)
 *(.rela.text.*)
 *(.rela.gnu.linkonce.t*)

.rel.fini
 *(.rel.fini)

.rela.fini
 *(.rela.fini)

.rel.rodata
 *(.rel.rodata)
 *(.rel.rodata.*)
 *(.rel.gnu.linkonce.r*)

.rela.rodata
 *(.rela.rodata)
 *(.rela.rodata.*)
 *(.rela.gnu.linkonce.r*)

.rel.data
 *(.rel.data)
 *(.rel.data.*)
 *(.rel.gnu.linkonce.d*)

.rela.data
 *(.rela.data)
 *(.rela.data.*)
 *(.rela.gnu.linkonce.d*)

.rel.ctors
 *(.rel.ctors)

.rela.ctors
 *(.rela.ctors)

.rel.dtors
 *(.rel.dtors)

.rela.dtors
 *(.rela.dtors)

.rel.got
 *(.rel.got)

.rela.got
 *(.rela.got)

.rel.bss
 *(.rel.bss)

.rela.bss
 *(.rela.bss)

.rel.plt
 *(.rel.plt)

.rela.plt
 *(.rela.plt)

.text           0x00007000      0xeda
 *(.vectors)
 .vectors       0x00007000       0xac c:/winavr-20100110/bin/../lib/gcc/avr/4.3.3/../../../../avr/lib/avr5/crtm32u4.o
                0x00007000                __vectors
                0x00007000                __vector_default
 *(.vectors)
 *(.progmem.gcc*)
 *(.progmem*)
                0x000070ac                . = ALIGN (0x2)
                0x000070ac                __trampolines_start = .
 *(.trampolines)
 .trampolines   0x000070ac        0x0 linker stubs
 *(.trampolines*)
                0x000070ac                __trampolines_end = .
 *(.jumptables)
 *(.jumptables*)
 *(.lowtext)
 *(.lowtext*)
                0x000070ac                __ctors_start = .
 *(.ctors)
                0x000070ac                __ctors_end = .
                0x000070ac                __dtors_start = .
 *(.dtors)
                0x000070ac                __dtors_end = .
 SORT(*)(.ctors)
 SORT(*)(.dtors)
 *(.init0)
 .init0         0x000070ac        0x0 c:/winavr-20100110/bin/../lib/gcc/avr/4.3.3/../../../../avr/lib/avr5/crtm32u4.o
                0x000070ac                __init
 *(.init0)
 *(.init1)
 *(.init1)
 *(.init2)
 .init2         0x000070ac        0xc c:/winavr-20100110/bin/../lib/gcc/avr/4.3.3/../../../../avr/lib/avr5/crtm32u4.o
 *(.init2)
 *(.init3)
 *(.init3)
 *(.init4)
 .init4         0x000070b8       0x16 c:/winavr-20100110/bin/../lib/gcc/avr/4.3.3/avr5\libgcc.a(_copy_data.o)
                0x000070b8                __do_copy_data
 .init4         0x000070ce       0x10 c:/winavr-20100110/bin/../lib/gcc/avr/4.3.3/avr5\libgcc.a(_clear_bss.o)
                0x000070ce                __do_clear_bss
 *(.init4)
 *(.init5)
 *(.init5)
 *(.init6)
 *(.init6)
 *(.init7)
 *(.init7)
 *(.init8)
 *(.init8)
 *(.init9)
 .init9         0x000070de        0x4 c:/winavr-20100110/bin/../lib/gcc/avr/4.3.3/../../../../avr/lib/avr5/crtm32u4.o
 *(.init9)
 *(.text)
 .text          0x000070e2        0x2 c:/winavr-20100110/bin/../lib/gcc/avr/4.3.3/../../../../avr/lib/avr5/crtm32u4.o
                0x000070e2                __vector_38
                0x000070e2                __vector_22
                0x000070e2                __vector_28
                0x000070e2                __vector_1
                0x000070e2                __vector_32
                0x000070e2                __vector_34
                0x000070e2                __vector_24
                0x000070e2                __vector_12
                0x000070e2                __bad_interrupt
                0x000070e2                __vector_6
                0x000070e2                __vector_31
                0x000070e2                __vector_35
                0x000070e2                __vector_39
                0x000070e2                __vector_3
                0x000070e2                __vector_30
                0x000070e2                __vector_25
                0x000070e2                __vector_11
                0x000070e2                __vector_13
                0x000070e2                __vector_17
                0x000070e2                __vector_19
                0x000070e2                __vector_7
                0x000070e2                __vector_41
                0x000070e2                __vector_27
                0x000070e2                __vector_5
                0x000070e2                __vector_33
                0x000070e2                __vector_37
                0x000070e2                __vector_4
                0x000070e2                __vector_9
                0x000070e2                __vector_2
                0x000070e2                __vector_21
                0x000070e2                __vector_15
                0x000070e2                __vector_36
                0x000070e2                __vector_29
                0x000070e2                __vector_40
                0x000070e2                __vector_8
                0x000070e2                __vector_26
                0x000070e2                __vector_14
                0x000070e2                __vector_16
                0x000070e2                __vector_18
                0x000070e2                __vector_20
                0x000070e2                __vector_42
                0x000070e4                . = ALIGN (0x2)
 *(.text.*)
 .text.ResetHardware
                0x000070e4       0x10 BootloaderCDC.o
                0x000070e4                ResetHardware
 .text.Bootloader_StartUserApp
                0x000070f4        0xe BootloaderCDC.o
                0x000070f4                Bootloader_StartUserApp
 .text.FetchNextCommandByte
                0x00007102       0x30 BootloaderCDC.o
 .text.WriteNextResponseByte
                0x00007132       0x30 BootloaderCDC.o
 .text.SetupLedTimer
                0x00007162       0x2c BootloaderCDC.o
                0x00007162                SetupLedTimer
 .text.DisableLedTimer
                0x0000718e       0x16 BootloaderCDC.o
                0x0000718e                DisableLedTimer
 .text.__vector_23
                0x000071a4       0x44 BootloaderCDC.o
                0x000071a4                __vector_23
 .text.CDC_Task
                0x000071e8      0x4d8 BootloaderCDC.o
                0x000071e8                CDC_Task
 .text.EVENT_USB_Device_UnhandledControlRequest
                0x000076c0       0x76 BootloaderCDC.o
                0x000076c0                EVENT_USB_Device_UnhandledControlRequest
 .text.EVENT_USB_Device_ConfigurationChanged
                0x00007736       0x18 BootloaderCDC.o
                0x00007736                EVENT_USB_Device_ConfigurationChanged
 .text.SetupHardware
                0x0000774e       0x5e BootloaderCDC.o
                0x0000774e                SetupHardware
 .text.main     0x000077ac       0xa4 BootloaderCDC.o
                0x000077ac                main
 .text.CALLBACK_USB_GetDescriptor
                0x00007850       0x52 Descriptors.o
                0x00007850                CALLBACK_USB_GetDescriptor
 .text.Endpoint_ConfigureEndpoint_Prv
                0x000078a2       0x26 ../../LUFA/Drivers/USB/LowLevel/Endpoint.o
                0x000078a2                Endpoint_ConfigureEndpoint_Prv
 .text.Endpoint_ClearStatusStage
                0x000078c8       0x3e ../../LUFA/Drivers/USB/LowLevel/Endpoint.o
                0x000078c8                Endpoint_ClearStatusStage
 .text.USB_ResetInterface
                0x00007906       0x8a ../../LUFA/Drivers/USB/LowLevel/USBController.o
                0x00007906                USB_ResetInterface
 .text.USB_Init
                0x00007990       0x12 ../../LUFA/Drivers/USB/LowLevel/USBController.o
                0x00007990                USB_Init
 .text.USB_INT_DisableAllInterrupts
                0x000079a2       0x10 ../../LUFA/Drivers/USB/LowLevel/USBInterrupt.o
                0x000079a2                USB_INT_DisableAllInterrupts
 .text.USB_INT_ClearAllInterrupts
                0x000079b2        0xa ../../LUFA/Drivers/USB/LowLevel/USBInterrupt.o
                0x000079b2                USB_INT_ClearAllInterrupts
 .text.__vector_10
                0x000079bc      0x15e ../../LUFA/Drivers/USB/LowLevel/USBInterrupt.o
                0x000079bc                __vector_10
 .text.USB_Device_ProcessControlRequest
                0x00007b1a      0x21a ../../LUFA/Drivers/USB/HighLevel/DeviceStandardReq.o
                0x00007b1a                USB_Device_ProcessControlRequest
 .text.USB_Event_Stub
                0x00007d34        0x2 ../../LUFA/Drivers/USB/HighLevel/Events.o
                0x00007d34                EVENT_USB_Device_Connect
                0x00007d34                EVENT_USB_Device_WakeUp
                0x00007d34                USB_Event_Stub
                0x00007d34                EVENT_USB_Device_Suspend
                0x00007d34                EVENT_USB_Device_StartOfFrame
                0x00007d34                EVENT_USB_Device_Disconnect
                0x00007d34                EVENT_USB_Device_Reset
 .text.Endpoint_Write_Control_Stream_LE
                0x00007d36       0xc8 ../../LUFA/Drivers/USB/HighLevel/EndpointStream.o
                0x00007d36                Endpoint_Write_Control_Stream_LE
 .text.Endpoint_Read_Control_Stream_LE
                0x00007dfe       0x88 ../../LUFA/Drivers/USB/HighLevel/EndpointStream.o
                0x00007dfe                Endpoint_Read_Control_Stream_LE
 .text.USB_USBTask
                0x00007e86       0x24 ../../LUFA/Drivers/USB/HighLevel/USBTask.o
                0x00007e86                USB_USBTask
 .text.avr-libc
                0x00007eaa       0x10 c:/winavr-20100110/bin/../lib/gcc/avr/4.3.3/../../../../avr/lib/avr5\libc.a(eerd_byte_atmega32u4.o)
                0x00007eaa                __eerd_byte_m32u4
 .text.avr-libc
                0x00007eba       0x1c c:/winavr-20100110/bin/../lib/gcc/avr/4.3.3/../../../../avr/lib/avr5\libc.a(eewr_byte_atmega32u4.o)
                0x00007ebc                __eewr_r18_m32u4
                0x00007eba                __eewr_byte_m32u4
                0x00007ed6                . = ALIGN (0x2)
 *(.fini9)
 .fini9         0x00007ed6        0x0 c:/winavr-20100110/bin/../lib/gcc/avr/4.3.3/avr5\libgcc.a(_exit.o)
                0x00007ed6                exit
                0x00007ed6                _exit
 *(.fini9)
 *(.fini8)
 *(.fini8)
 *(.fini7)
 *(.fini7)
 *(.fini6)
 *(.fini6)
 *(.fini5)
 *(.fini5)
 *(.fini4)
 *(.fini4)
 *(.fini3)
 *(.fini3)
 *(.fini2)
 *(.fini2)
 *(.fini1)
 *(.fini1)
 *(.fini0)
 .fini0         0x00007ed6        0x4 c:/winavr-20100110/bin/../lib/gcc/avr/4.3.3/avr5\libgcc.a(_exit.o)
 *(.fini0)
                0x00007eda                _etext = .

.data           0x00800100       0x8e load address 0x00007eda
                0x00800100                PROVIDE (__data_start, .)
 *(.data)
 .data          0x00800100       0x11 BootloaderCDC.o
                0x00800108                LineEncoding
                0x0080010f                RunBootloader
                0x00800110                coldStart
 .data          0x00800111       0x7c Descriptors.o
                0x00800161                LanguageString
                0x00800111                DeviceDescriptor
                0x00800165                ProductString
                0x00800123                ConfigurationDescriptor
 *(.data*)
 *(.rodata)
 *(.rodata*)
 *(.gnu.linkonce.d*)
                0x0080018e                . = ALIGN (0x2)
 *fill*         0x0080018d        0x1 00
                0x0080018e                _edata = .
                0x0080018e                PROVIDE (__data_end, .)

.bss            0x0080018e       0x10
                0x0080018e                PROVIDE (__bss_start, .)
 *(.bss)
 .bss           0x0080018e        0x2 BootloaderCDC.o
 *(.bss*)
 *(COMMON)
 COMMON         0x00800190        0x4 BootloaderCDC.o
                0x00800190                CurrAddress
 COMMON         0x00800194        0x1 ../../LUFA/Drivers/USB/HighLevel/DeviceStandardReq.o
                0x00800194                USB_ConfigurationNumber
 COMMON         0x00800195        0x9 ../../LUFA/Drivers/USB/HighLevel/USBTask.o
                0x00800195                USB_IsInitialized
                0x00800196                USB_ControlRequest
                0x0080019e                PROVIDE (__bss_end, .)
                0x00007eda                __data_load_start = LOADADDR (.data)
                0x00007f68                __data_load_end = (__data_load_start + SIZEOF (.data))

.noinit         0x0080019e        0x0
                0x0080019e                PROVIDE (__noinit_start, .)
 *(.noinit*)
                0x0080019e                PROVIDE (__noinit_end, .)
                0x0080019e                _end = .
                0x0080019e                PROVIDE (__heap_start, .)

.eeprom         0x00810000        0x0
 *(.eeprom*)
                0x00810000                __eeprom_end = .

.fuse
 *(.fuse)
 *(.lfuse)
 *(.hfuse)
 *(.efuse)

.lock
 *(.lock*)

.signature
 *(.signature*)

.stab
 *(.stab)

.stabstr
 *(.stabstr)

.stab.excl
 *(.stab.excl)

.stab.exclstr
 *(.stab.exclstr)

.stab.index
 *(.stab.index)

.stab.indexstr
 *(.stab.indexstr)

.comment
 *(.comment)

.debug
 *(.debug)

.line
 *(.line)

.debug_srcinfo
 *(.debug_srcinfo)

.debug_sfnames
 *(.debug_sfnames)

.debug_aranges  0x00000000      0x2d8
 *(.debug_aranges)
 .debug_aranges
                0x00000000       0x78 BootloaderCDC.o
 .debug_aranges
                0x00000078       0x20 Descriptors.o
 .debug_aranges
                0x00000098       0x30 debug.o
 .debug_aranges
                0x000000c8       0x20 ../../LUFA/Drivers/USB/LowLevel/Device.o
 .debug_aranges
                0x000000e8       0x38 ../../LUFA/Drivers/USB/LowLevel/Endpoint.o
 .debug_aranges
                0x00000120       0x30 ../../LUFA/Drivers/USB/LowLevel/USBController.o
 .debug_aranges
                0x00000150       0x30 ../../LUFA/Drivers/USB/LowLevel/USBInterrupt.o
 .debug_aranges
                0x00000180       0x38 ../../LUFA/Drivers/USB/HighLevel/ConfigDescriptor.o
 .debug_aranges
                0x000001b8       0x20 ../../LUFA/Drivers/USB/HighLevel/DeviceStandardReq.o
 .debug_aranges
                0x000001d8       0x20 ../../LUFA/Drivers/USB/HighLevel/Events.o
 .debug_aranges
                0x000001f8       0xc0 ../../LUFA/Drivers/USB/HighLevel/EndpointStream.o
 .debug_aranges
                0x000002b8       0x20 ../../LUFA/Drivers/USB/HighLevel/USBTask.o

.debug_pubnames
                0x00000000      0x78d
 *(.debug_pubnames)
 .debug_pubnames
                0x00000000      0x136 BootloaderCDC.o
 .debug_pubnames
                0x00000136       0x87 Descriptors.o
 .debug_pubnames
                0x000001bd       0x42 debug.o
 .debug_pubnames
                0x000001ff       0x32 ../../LUFA/Drivers/USB/LowLevel/Device.o
 .debug_pubnames
                0x00000231       0x8b ../../LUFA/Drivers/USB/LowLevel/Endpoint.o
 .debug_pubnames
                0x000002bc       0x47 ../../LUFA/Drivers/USB/LowLevel/USBController.o
 .debug_pubnames
                0x00000303       0x62 ../../LUFA/Drivers/USB/LowLevel/USBInterrupt.o
 .debug_pubnames
                0x00000365       0x9b ../../LUFA/Drivers/USB/HighLevel/ConfigDescriptor.o
 .debug_pubnames
                0x00000400       0x53 ../../LUFA/Drivers/USB/HighLevel/DeviceStandardReq.o
 .debug_pubnames
                0x00000453       0x25 ../../LUFA/Drivers/USB/HighLevel/Events.o
 .debug_pubnames
                0x00000478      0x2c6 ../../LUFA/Drivers/USB/HighLevel/EndpointStream.o
 .debug_pubnames
                0x0000073e       0x4f ../../LUFA/Drivers/USB/HighLevel/USBTask.o

.debug_info     0x00000000     0x3ddb
 *(.debug_info)
 .debug_info    0x00000000      0xb58 BootloaderCDC.o
 .debug_info    0x00000b58      0x5cd Descriptors.o
 .debug_info    0x00001125      0x149 debug.o
 .debug_info    0x0000126e       0xc4 ../../LUFA/Drivers/USB/LowLevel/Device.o
 .debug_info    0x00001332      0x3cb ../../LUFA/Drivers/USB/LowLevel/Endpoint.o
 .debug_info    0x000016fd        0x0 ../../LUFA/Drivers/USB/LowLevel/Host.o
 .debug_info    0x000016fd        0x0 ../../LUFA/Drivers/USB/LowLevel/Pipe.o
 .debug_info    0x000016fd      0x3b8 ../../LUFA/Drivers/USB/LowLevel/USBController.o
 .debug_info    0x00001ab5      0x276 ../../LUFA/Drivers/USB/LowLevel/USBInterrupt.o
 .debug_info    0x00001d2b      0x349 ../../LUFA/Drivers/USB/HighLevel/ConfigDescriptor.o
 .debug_info    0x00002074      0x745 ../../LUFA/Drivers/USB/HighLevel/DeviceStandardReq.o
 .debug_info    0x000027b9       0x76 ../../LUFA/Drivers/USB/HighLevel/Events.o
 .debug_info    0x0000282f     0x1388 ../../LUFA/Drivers/USB/HighLevel/EndpointStream.o
 .debug_info    0x00003bb7        0x0 ../../LUFA/Drivers/USB/HighLevel/HostStandardReq.o
 .debug_info    0x00003bb7        0x0 ../../LUFA/Drivers/USB/HighLevel/PipeStream.o
 .debug_info    0x00003bb7      0x224 ../../LUFA/Drivers/USB/HighLevel/USBTask.o
 .debug_info    0x00003ddb        0x0 ../../LUFA/Drivers/USB/Class/Host/HIDParser.o
 *(.gnu.linkonce.wi.*)

.debug_abbrev   0x00000000     0x1024
 *(.debug_abbrev)
 .debug_abbrev  0x00000000      0x2e9 BootloaderCDC.o
 .debug_abbrev  0x000002e9      0x128 Descriptors.o
 .debug_abbrev  0x00000411       0xa3 debug.o
 .debug_abbrev  0x000004b4       0x79 ../../LUFA/Drivers/USB/LowLevel/Device.o
 .debug_abbrev  0x0000052d      0x179 ../../LUFA/Drivers/USB/LowLevel/Endpoint.o
 .debug_abbrev  0x000006a6        0x1 ../../LUFA/Drivers/USB/LowLevel/Host.o
 .debug_abbrev  0x000006a7        0x1 ../../LUFA/Drivers/USB/LowLevel/Pipe.o
 .debug_abbrev  0x000006a8      0x19b ../../LUFA/Drivers/USB/LowLevel/USBController.o
 .debug_abbrev  0x00000843      0x14d ../../LUFA/Drivers/USB/LowLevel/USBInterrupt.o
 .debug_abbrev  0x00000990      0x15c ../../LUFA/Drivers/USB/HighLevel/ConfigDescriptor.o
 .debug_abbrev  0x00000aec      0x201 ../../LUFA/Drivers/USB/HighLevel/DeviceStandardReq.o
 .debug_abbrev  0x00000ced       0x41 ../../LUFA/Drivers/USB/HighLevel/Events.o
 .debug_abbrev  0x00000d2e      0x196 ../../LUFA/Drivers/USB/HighLevel/EndpointStream.o
 .debug_abbrev  0x00000ec4        0x1 ../../LUFA/Drivers/USB/HighLevel/HostStandardReq.o
 .debug_abbrev  0x00000ec5        0x1 ../../LUFA/Drivers/USB/HighLevel/PipeStream.o
 .debug_abbrev  0x00000ec6      0x15d ../../LUFA/Drivers/USB/HighLevel/USBTask.o
 .debug_abbrev  0x00001023        0x1 ../../LUFA/Drivers/USB/Class/Host/HIDParser.o

.debug_line     0x00000000     0x372f
 *(.debug_line)
 .debug_line    0x00000000      0xb02 BootloaderCDC.o
 .debug_line    0x00000b02      0x169 Descriptors.o
 .debug_line    0x00000c6b      0x158 debug.o
 .debug_line    0x00000dc3       0xdb ../../LUFA/Drivers/USB/LowLevel/Device.o
 .debug_line    0x00000e9e      0x3db ../../LUFA/Drivers/USB/LowLevel/Endpoint.o
 .debug_line    0x00001279       0x24 ../../LUFA/Drivers/USB/LowLevel/Host.o
 .debug_line    0x0000129d       0x24 ../../LUFA/Drivers/USB/LowLevel/Pipe.o
 .debug_line    0x000012c1      0x304 ../../LUFA/Drivers/USB/LowLevel/USBController.o
 .debug_line    0x000015c5      0x35d ../../LUFA/Drivers/USB/LowLevel/USBInterrupt.o
 .debug_line    0x00001922      0x26a ../../LUFA/Drivers/USB/HighLevel/ConfigDescriptor.o
 .debug_line    0x00001b8c      0x48d ../../LUFA/Drivers/USB/HighLevel/DeviceStandardReq.o
 .debug_line    0x00002019       0x85 ../../LUFA/Drivers/USB/HighLevel/Events.o
 .debug_line    0x0000209e     0x144c ../../LUFA/Drivers/USB/HighLevel/EndpointStream.o
 .debug_line    0x000034ea       0x24 ../../LUFA/Drivers/USB/HighLevel/HostStandardReq.o
 .debug_line    0x0000350e       0x24 ../../LUFA/Drivers/USB/HighLevel/PipeStream.o
 .debug_line    0x00003532      0x1d9 ../../LUFA/Drivers/USB/HighLevel/USBTask.o
 .debug_line    0x0000370b       0x24 ../../LUFA/Drivers/USB/Class/Host/HIDParser.o

.debug_frame    0x00000000      0x430
 *(.debug_frame)
 .debug_frame   0x00000000       0xd0 BootloaderCDC.o
 .debug_frame   0x000000d0       0x20 Descriptors.o
 .debug_frame   0x000000f0       0x40 debug.o
 .debug_frame   0x00000130       0x20 ../../LUFA/Drivers/USB/LowLevel/Device.o
 .debug_frame   0x00000150       0x50 ../../LUFA/Drivers/USB/LowLevel/Endpoint.o
 .debug_frame   0x000001a0       0x40 ../../LUFA/Drivers/USB/LowLevel/USBController.o
 .debug_frame   0x000001e0       0x40 ../../LUFA/Drivers/USB/LowLevel/USBInterrupt.o
 .debug_frame   0x00000220       0x50 ../../LUFA/Drivers/USB/HighLevel/ConfigDescriptor.o
 .debug_frame   0x00000270       0x20 ../../LUFA/Drivers/USB/HighLevel/DeviceStandardReq.o
 .debug_frame   0x00000290       0x20 ../../LUFA/Drivers/USB/HighLevel/Events.o
 .debug_frame   0x000002b0      0x160 ../../LUFA/Drivers/USB/HighLevel/EndpointStream.o
 .debug_frame   0x00000410       0x20 ../../LUFA/Drivers/USB/HighLevel/USBTask.o

.debug_str      0x00000000     0x1a21
 *(.debug_str)
 .debug_str     0x00000000      0x5b6 BootloaderCDC.o
                                0x615 (size before relaxing)
 .debug_str     0x000005b6      0x51c Descriptors.o
                                0x645 (size before relaxing)
 .debug_str     0x00000ad2       0x58 debug.o
                                0x13f (size before relaxing)
 .debug_str     0x00000b2a       0x71 ../../LUFA/Drivers/USB/LowLevel/Device.o
                                0x133 (size before relaxing)
 .debug_str     0x00000b9b      0x250 ../../LUFA/Drivers/USB/LowLevel/Endpoint.o
                                0x48f (size before relaxing)
 .debug_str     0x00000deb      0x14d ../../LUFA/Drivers/USB/LowLevel/USBController.o
                                0x382 (size before relaxing)
 .debug_str     0x00000f38       0xad ../../LUFA/Drivers/USB/LowLevel/USBInterrupt.o
                                0x2dc (size before relaxing)
 .debug_str     0x00000fe5      0x22b ../../LUFA/Drivers/USB/HighLevel/ConfigDescriptor.o
                                0x30b (size before relaxing)
 .debug_str     0x00001210      0x2fe ../../LUFA/Drivers/USB/HighLevel/DeviceStandardReq.o
                                0x5cc (size before relaxing)
 .debug_str     0x0000150e       0x39 ../../LUFA/Drivers/USB/HighLevel/Events.o
                                 0xf5 (size before relaxing)
 .debug_str     0x00001547      0x46b ../../LUFA/Drivers/USB/HighLevel/EndpointStream.o
                                0x724 (size before relaxing)
 .debug_str     0x000019b2       0x6f ../../LUFA/Drivers/USB/HighLevel/USBTask.o
                                0x285 (size before relaxing)

.debug_loc      0x00000000     0x2264
 *(.debug_loc)
 .debug_loc     0x00000000      0x6b9 BootloaderCDC.o
 .debug_loc     0x000006b9      0x130 Descriptors.o
 .debug_loc     0x000007e9       0xd3 debug.o
 .debug_loc     0x000008bc       0x74 ../../LUFA/Drivers/USB/LowLevel/Endpoint.o
 .debug_loc     0x00000930       0x13 ../../LUFA/Drivers/USB/LowLevel/USBController.o
 .debug_loc     0x00000943      0x26d ../../LUFA/Drivers/USB/HighLevel/ConfigDescriptor.o
 .debug_loc     0x00000bb0      0x187 ../../LUFA/Drivers/USB/HighLevel/DeviceStandardReq.o
 .debug_loc     0x00000d37     0x152d ../../LUFA/Drivers/USB/HighLevel/EndpointStream.o

.debug_macinfo
 *(.debug_macinfo)
OUTPUT(BootloaderCDC.elf elf32-avr)
LOAD linker stubs

.debug_ranges   0x00000000      0x308
 .debug_ranges  0x00000000       0xe8 BootloaderCDC.o
 .debug_ranges  0x000000e8       0x18 Descriptors.o
 .debug_ranges  0x00000100       0x28 debug.o
 .debug_ranges  0x00000128       0x18 ../../LUFA/Drivers/USB/LowLevel/Device.o
 .debug_ranges  0x00000140       0x30 ../../LUFA/Drivers/USB/LowLevel/Endpoint.o
 .debug_ranges  0x00000170       0x28 ../../LUFA/Drivers/USB/LowLevel/USBController.o
 .debug_ranges  0x00000198       0x28 ../../LUFA/Drivers/USB/LowLevel/USBInterrupt.o
 .debug_ranges  0x000001c0       0x30 ../../LUFA/Drivers/USB/HighLevel/ConfigDescriptor.o
 .debug_ranges  0x000001f0       0x18 ../../LUFA/Drivers/USB/HighLevel/DeviceStandardReq.o
 .debug_ranges  0x00000208       0x18 ../../LUFA/Drivers/USB/HighLevel/Events.o
 .debug_ranges  0x00000220       0xb8 ../../LUFA/Drivers/USB/HighLevel/EndpointStream.o
 .debug_ranges  0x000002d8       0x30 ../../LUFA/Drivers/USB/HighLevel/USBTask.o

Cross Reference Table

Symbol                                            File
Bootloader_StartUserApp                           BootloaderCDC.o
CALLBACK_USB_GetDescriptor                        Descriptors.o
                                                  ../../LUFA/Drivers/USB/HighLevel/DeviceStandardReq.o
CDC_Task                                          BootloaderCDC.o
ConfigurationDescriptor                           Descriptors.o
CurrAddress                                       BootloaderCDC.o
DBGInit                                           debug.o
DBGPrintChar                                      debug.o
DBGPrintString                                    debug.o
DeviceDescriptor                                  Descriptors.o
DisableLedTimer                                   BootloaderCDC.o
EVENT_USB_Device_ConfigurationChanged             BootloaderCDC.o
                                                  ../../LUFA/Drivers/USB/HighLevel/DeviceStandardReq.o
EVENT_USB_Device_Connect                          ../../LUFA/Drivers/USB/HighLevel/Events.o
                                                  ../../LUFA/Drivers/USB/LowLevel/USBInterrupt.o
EVENT_USB_Device_Disconnect                       ../../LUFA/Drivers/USB/HighLevel/Events.o
                                                  ../../LUFA/Drivers/USB/LowLevel/USBInterrupt.o
EVENT_USB_Device_Reset                            ../../LUFA/Drivers/USB/HighLevel/Events.o
                                                  ../../LUFA/Drivers/USB/LowLevel/USBInterrupt.o
EVENT_USB_Device_StartOfFrame                     ../../LUFA/Drivers/USB/HighLevel/Events.o
EVENT_USB_Device_Suspend                          ../../LUFA/Drivers/USB/HighLevel/Events.o
                                                  ../../LUFA/Drivers/USB/LowLevel/USBInterrupt.o
EVENT_USB_Device_UnhandledControlRequest          BootloaderCDC.o
                                                  ../../LUFA/Drivers/USB/HighLevel/DeviceStandardReq.o
EVENT_USB_Device_WakeUp                           ../../LUFA/Drivers/USB/HighLevel/Events.o
                                                  ../../LUFA/Drivers/USB/LowLevel/USBInterrupt.o
Endpoint_ClearEndpoints                           ../../LUFA/Drivers/USB/LowLevel/Endpoint.o
Endpoint_ClearStatusStage                         ../../LUFA/Drivers/USB/LowLevel/Endpoint.o
                                                  ../../LUFA/Drivers/USB/HighLevel/DeviceStandardReq.o
                                                  BootloaderCDC.o
Endpoint_ConfigureEndpoint_Prv                    ../../LUFA/Drivers/USB/LowLevel/Endpoint.o
                                                  ../../LUFA/Drivers/USB/LowLevel/USBInterrupt.o
                                                  ../../LUFA/Drivers/USB/LowLevel/USBController.o
                                                  BootloaderCDC.o
Endpoint_Discard_Stream                           ../../LUFA/Drivers/USB/HighLevel/EndpointStream.o
Endpoint_Read_Control_EStream_BE                  ../../LUFA/Drivers/USB/HighLevel/EndpointStream.o
Endpoint_Read_Control_EStream_LE                  ../../LUFA/Drivers/USB/HighLevel/EndpointStream.o
Endpoint_Read_Control_Stream_BE                   ../../LUFA/Drivers/USB/HighLevel/EndpointStream.o
Endpoint_Read_Control_Stream_LE                   ../../LUFA/Drivers/USB/HighLevel/EndpointStream.o
                                                  BootloaderCDC.o
Endpoint_Read_EStream_BE                          ../../LUFA/Drivers/USB/HighLevel/EndpointStream.o
Endpoint_Read_EStream_LE                          ../../LUFA/Drivers/USB/HighLevel/EndpointStream.o
Endpoint_Read_Stream_BE                           ../../LUFA/Drivers/USB/HighLevel/EndpointStream.o
Endpoint_Read_Stream_LE                           ../../LUFA/Drivers/USB/HighLevel/EndpointStream.o
Endpoint_WaitUntilReady                           ../../LUFA/Drivers/USB/LowLevel/Endpoint.o
                                                  ../../LUFA/Drivers/USB/HighLevel/EndpointStream.o
Endpoint_Write_Control_EStream_BE                 ../../LUFA/Drivers/USB/HighLevel/EndpointStream.o
Endpoint_Write_Control_EStream_LE                 ../../LUFA/Drivers/USB/HighLevel/EndpointStream.o
Endpoint_Write_Control_PStream_BE                 ../../LUFA/Drivers/USB/HighLevel/EndpointStream.o
Endpoint_Write_Control_PStream_LE                 ../../LUFA/Drivers/USB/HighLevel/EndpointStream.o
Endpoint_Write_Control_Stream_BE                  ../../LUFA/Drivers/USB/HighLevel/EndpointStream.o
Endpoint_Write_Control_Stream_LE                  ../../LUFA/Drivers/USB/HighLevel/EndpointStream.o
                                                  ../../LUFA/Drivers/USB/HighLevel/DeviceStandardReq.o
                                                  BootloaderCDC.o
Endpoint_Write_EStream_BE                         ../../LUFA/Drivers/USB/HighLevel/EndpointStream.o
Endpoint_Write_EStream_LE                         ../../LUFA/Drivers/USB/HighLevel/EndpointStream.o
Endpoint_Write_PStream_BE                         ../../LUFA/Drivers/USB/HighLevel/EndpointStream.o
Endpoint_Write_PStream_LE                         ../../LUFA/Drivers/USB/HighLevel/EndpointStream.o
Endpoint_Write_Stream_BE                          ../../LUFA/Drivers/USB/HighLevel/EndpointStream.o
Endpoint_Write_Stream_LE                          ../../LUFA/Drivers/USB/HighLevel/EndpointStream.o
LanguageString                                    Descriptors.o
LineEncoding                                      BootloaderCDC.o
ProductString                                     Descriptors.o
ResetHardware                                     BootloaderCDC.o
RunBootloader                                     BootloaderCDC.o
SetupHardware                                     BootloaderCDC.o
SetupLedTimer                                     BootloaderCDC.o
USB_ConfigurationNumber                           ../../LUFA/Drivers/USB/HighLevel/DeviceStandardReq.o
                                                  ../../LUFA/Drivers/USB/LowLevel/USBInterrupt.o
                                                  ../../LUFA/Drivers/USB/LowLevel/USBController.o
                                                  BootloaderCDC.o
USB_ControlRequest                                ../../LUFA/Drivers/USB/HighLevel/USBTask.o
                                                  ../../LUFA/Drivers/USB/HighLevel/EndpointStream.o
                                                  ../../LUFA/Drivers/USB/HighLevel/DeviceStandardReq.o
                                                  ../../LUFA/Drivers/USB/LowLevel/Endpoint.o
                                                  BootloaderCDC.o
USB_Device_ProcessControlRequest                  ../../LUFA/Drivers/USB/HighLevel/DeviceStandardReq.o
                                                  ../../LUFA/Drivers/USB/HighLevel/USBTask.o
USB_Device_SendRemoteWakeup                       ../../LUFA/Drivers/USB/LowLevel/Device.o
USB_Event_Stub                                    ../../LUFA/Drivers/USB/HighLevel/Events.o
USB_GetNextDescriptorComp                         ../../LUFA/Drivers/USB/HighLevel/ConfigDescriptor.o
USB_GetNextDescriptorOfType                       ../../LUFA/Drivers/USB/HighLevel/ConfigDescriptor.o
USB_GetNextDescriptorOfTypeAfter                  ../../LUFA/Drivers/USB/HighLevel/ConfigDescriptor.o
USB_GetNextDescriptorOfTypeBefore                 ../../LUFA/Drivers/USB/HighLevel/ConfigDescriptor.o
USB_INT_ClearAllInterrupts                        ../../LUFA/Drivers/USB/LowLevel/USBInterrupt.o
                                                  ../../LUFA/Drivers/USB/LowLevel/USBController.o
USB_INT_DisableAllInterrupts                      ../../LUFA/Drivers/USB/LowLevel/USBInterrupt.o
                                                  ../../LUFA/Drivers/USB/LowLevel/USBController.o
USB_Init                                          ../../LUFA/Drivers/USB/LowLevel/USBController.o
                                                  BootloaderCDC.o
USB_IsInitialized                                 ../../LUFA/Drivers/USB/HighLevel/USBTask.o
                                                  ../../LUFA/Drivers/USB/LowLevel/USBController.o
                                                  BootloaderCDC.o
USB_ResetInterface                                ../../LUFA/Drivers/USB/LowLevel/USBController.o
USB_ShutDown                                      ../../LUFA/Drivers/USB/LowLevel/USBController.o
USB_USBTask                                       ../../LUFA/Drivers/USB/HighLevel/USBTask.o
                                                  BootloaderCDC.o
__bad_interrupt                                   c:/winavr-20100110/bin/../lib/gcc/avr/4.3.3/../../../../avr/lib/avr5/crtm32u4.o
__bss_end                                         c:/winavr-20100110/bin/../lib/gcc/avr/4.3.3/avr5\libgcc.a(_clear_bss.o)
__bss_start                                       c:/winavr-20100110/bin/../lib/gcc/avr/4.3.3/avr5\libgcc.a(_clear_bss.o)
__data_end                                        c:/winavr-20100110/bin/../lib/gcc/avr/4.3.3/avr5\libgcc.a(_copy_data.o)
__data_load_start                                 c:/winavr-20100110/bin/../lib/gcc/avr/4.3.3/avr5\libgcc.a(_copy_data.o)
__data_start                                      c:/winavr-20100110/bin/../lib/gcc/avr/4.3.3/avr5\libgcc.a(_copy_data.o)
__do_clear_bss                                    c:/winavr-20100110/bin/../lib/gcc/avr/4.3.3/avr5\libgcc.a(_clear_bss.o)
                                                  ../../LUFA/Drivers/USB/HighLevel/USBTask.o
                                                  ../../LUFA/Drivers/USB/HighLevel/DeviceStandardReq.o
                                                  BootloaderCDC.o
__do_copy_data                                    c:/winavr-20100110/bin/../lib/gcc/avr/4.3.3/avr5\libgcc.a(_copy_data.o)
                                                  Descriptors.o
                                                  BootloaderCDC.o
__eerd_byte_m32u4                                 c:/winavr-20100110/bin/../lib/gcc/avr/4.3.3/../../../../avr/lib/avr5\libc.a(eerd_byte_atmega32u4.o)
                                                  ../../LUFA/Drivers/USB/HighLevel/EndpointStream.o
                                                  BootloaderCDC.o
__eeupd_byte_m32u4                                c:/winavr-20100110/bin/../lib/gcc/avr/4.3.3/../../../../avr/lib/avr5\libc.a(eeupd_byte_atmega32u4.o)
                                                  ../../LUFA/Drivers/USB/HighLevel/EndpointStream.o
__eeupd_r18_m32u4                                 c:/winavr-20100110/bin/../lib/gcc/avr/4.3.3/../../../../avr/lib/avr5\libc.a(eeupd_byte_atmega32u4.o)
__eewr_byte_m32u4                                 c:/winavr-20100110/bin/../lib/gcc/avr/4.3.3/../../../../avr/lib/avr5\libc.a(eewr_byte_atmega32u4.o)
                                                  BootloaderCDC.o
__eewr_r18_m32u4                                  c:/winavr-20100110/bin/../lib/gcc/avr/4.3.3/../../../../avr/lib/avr5\libc.a(eewr_byte_atmega32u4.o)
__heap_end                                        c:/winavr-20100110/bin/../lib/gcc/avr/4.3.3/../../../../avr/lib/avr5/crtm32u4.o
__init                                            c:/winavr-20100110/bin/../lib/gcc/avr/4.3.3/../../../../avr/lib/avr5/crtm32u4.o
__mulsi3                                          c:/winavr-20100110/bin/../lib/gcc/avr/4.3.3/avr5\libgcc.a(_mulsi3.o)
                                                  debug.o
__stack                                           c:/winavr-20100110/bin/../lib/gcc/avr/4.3.3/../../../../avr/lib/avr5/crtm32u4.o
__udivmodsi4                                      c:/winavr-20100110/bin/../lib/gcc/avr/4.3.3/avr5\libgcc.a(_udivmodsi4.o)
                                                  debug.o
__vector_1                                        c:/winavr-20100110/bin/../lib/gcc/avr/4.3.3/../../../../avr/lib/avr5/crtm32u4.o
__vector_10                                       ../../LUFA/Drivers/USB/LowLevel/USBInterrupt.o
                                                  c:/winavr-20100110/bin/../lib/gcc/avr/4.3.3/../../../../avr/lib/avr5/crtm32u4.o
__vector_11                                       c:/winavr-20100110/bin/../lib/gcc/avr/4.3.3/../../../../avr/lib/avr5/crtm32u4.o
__vector_12                                       c:/winavr-20100110/bin/../lib/gcc/avr/4.3.3/../../../../avr/lib/avr5/crtm32u4.o
__vector_13                                       c:/winavr-20100110/bin/../lib/gcc/avr/4.3.3/../../../../avr/lib/avr5/crtm32u4.o
__vector_14                                       c:/winavr-20100110/bin/../lib/gcc/avr/4.3.3/../../../../avr/lib/avr5/crtm32u4.o
__vector_15                                       c:/winavr-20100110/bin/../lib/gcc/avr/4.3.3/../../../../avr/lib/avr5/crtm32u4.o
__vector_16                                       c:/winavr-20100110/bin/../lib/gcc/avr/4.3.3/../../../../avr/lib/avr5/crtm32u4.o
__vector_17                                       c:/winavr-20100110/bin/../lib/gcc/avr/4.3.3/../../../../avr/lib/avr5/crtm32u4.o
__vector_18                                       c:/winavr-20100110/bin/../lib/gcc/avr/4.3.3/../../../../avr/lib/avr5/crtm32u4.o
__vector_19                                       c:/winavr-20100110/bin/../lib/gcc/avr/4.3.3/../../../../avr/lib/avr5/crtm32u4.o
__vector_2                                        c:/winavr-20100110/bin/../lib/gcc/avr/4.3.3/../../../../avr/lib/avr5/crtm32u4.o
__vector_20                                       c:/winavr-20100110/bin/../lib/gcc/avr/4.3.3/../../../../avr/lib/avr5/crtm32u4.o
__vector_21                                       c:/winavr-20100110/bin/../lib/gcc/avr/4.3.3/../../../../avr/lib/avr5/crtm32u4.o
__vector_22                                       c:/winavr-20100110/bin/../lib/gcc/avr/4.3.3/../../../../avr/lib/avr5/crtm32u4.o
__vector_23                                       BootloaderCDC.o
                                                  c:/winavr-20100110/bin/../lib/gcc/avr/4.3.3/../../../../avr/lib/avr5/crtm32u4.o
__vector_24                                       c:/winavr-20100110/bin/../lib/gcc/avr/4.3.3/../../../../avr/lib/avr5/crtm32u4.o
__vector_25                                       c:/winavr-20100110/bin/../lib/gcc/avr/4.3.3/../../../../avr/lib/avr5/crtm32u4.o
__vector_26                                       c:/winavr-20100110/bin/../lib/gcc/avr/4.3.3/../../../../avr/lib/avr5/crtm32u4.o
__vector_27                                       c:/winavr-20100110/bin/../lib/gcc/avr/4.3.3/../../../../avr/lib/avr5/crtm32u4.o
__vector_28                                       c:/winavr-20100110/bin/../lib/gcc/avr/4.3.3/../../../../avr/lib/avr5/crtm32u4.o
__vector_29                                       c:/winavr-20100110/bin/../lib/gcc/avr/4.3.3/../../../../avr/lib/avr5/crtm32u4.o
__vector_3                                        c:/winavr-20100110/bin/../lib/gcc/avr/4.3.3/../../../../avr/lib/avr5/crtm32u4.o
__vector_30                                       c:/winavr-20100110/bin/../lib/gcc/avr/4.3.3/../../../../avr/lib/avr5/crtm32u4.o
__vector_31                                       c:/winavr-20100110/bin/../lib/gcc/avr/4.3.3/../../../../avr/lib/avr5/crtm32u4.o
__vector_32                                       c:/winavr-20100110/bin/../lib/gcc/avr/4.3.3/../../../../avr/lib/avr5/crtm32u4.o
__vector_33                                       c:/winavr-20100110/bin/../lib/gcc/avr/4.3.3/../../../../avr/lib/avr5/crtm32u4.o
__vector_34                                       c:/winavr-20100110/bin/../lib/gcc/avr/4.3.3/../../../../avr/lib/avr5/crtm32u4.o
__vector_35                                       c:/winavr-20100110/bin/../lib/gcc/avr/4.3.3/../../../../avr/lib/avr5/crtm32u4.o
__vector_36                                       c:/winavr-20100110/bin/../lib/gcc/avr/4.3.3/../../../../avr/lib/avr5/crtm32u4.o
__vector_37                                       c:/winavr-20100110/bin/../lib/gcc/avr/4.3.3/../../../../avr/lib/avr5/crtm32u4.o
__vector_38                                       c:/winavr-20100110/bin/../lib/gcc/avr/4.3.3/../../../../avr/lib/avr5/crtm32u4.o
__vector_39                                       c:/winavr-20100110/bin/../lib/gcc/avr/4.3.3/../../../../avr/lib/avr5/crtm32u4.o
__vector_4                                        c:/winavr-20100110/bin/../lib/gcc/avr/4.3.3/../../../../avr/lib/avr5/crtm32u4.o
__vector_40                                       c:/winavr-20100110/bin/../lib/gcc/avr/4.3.3/../../../../avr/lib/avr5/crtm32u4.o
__vector_41                                       c:/winavr-20100110/bin/../lib/gcc/avr/4.3.3/../../../../avr/lib/avr5/crtm32u4.o
__vector_42                                       c:/winavr-20100110/bin/../lib/gcc/avr/4.3.3/../../../../avr/lib/avr5/crtm32u4.o
__vector_5                                        c:/winavr-20100110/bin/../lib/gcc/avr/4.3.3/../../../../avr/lib/avr5/crtm32u4.o
__vector_6                                        c:/winavr-20100110/bin/../lib/gcc/avr/4.3.3/../../../../avr/lib/avr5/crtm32u4.o
__vector_7                                        c:/winavr-20100110/bin/../lib/gcc/avr/4.3.3/../../../../avr/lib/avr5/crtm32u4.o
__vector_8                                        c:/winavr-20100110/bin/../lib/gcc/avr/4.3.3/../../../../avr/lib/avr5/crtm32u4.o
__vector_9                                        c:/winavr-20100110/bin/../lib/gcc/avr/4.3.3/../../../../avr/lib/avr5/crtm32u4.o
__vector_default                                  c:/winavr-20100110/bin/../lib/gcc/avr/4.3.3/../../../../avr/lib/avr5/crtm32u4.o
__vectors                                         c:/winavr-20100110/bin/../lib/gcc/avr/4.3.3/../../../../avr/lib/avr5/crtm32u4.o
_exit                                             c:/winavr-20100110/bin/../lib/gcc/avr/4.3.3/avr5\libgcc.a(_exit.o)
coldStart                                         BootloaderCDC.o
exit                                              c:/winavr-20100110/bin/../lib/gcc/avr/4.3.3/avr5\libgcc.a(_exit.o)
                                                  c:/winavr-20100110/bin/../lib/gcc/avr/4.3.3/../../../../avr/lib/avr5/crtm32u4.o
main                                              BootloaderCDC.o
                                                  c:/winavr-20100110/bin/../lib/gcc/avr/4.3.3/../../../../avr/lib/avr5/crtm32u4.o
